// Jest Snapshot v1, https://goo.gl/fbAQLP

exports[`testing FirstApp Debe hacer match con el Snapshot 1`] = `
<div>
  <h1>
     
    Hola poshito
     
  </h1>
  <p>
     
    Desde las defaultProps
     
  </p>
  <em>
     
    Nathalie Rivas
     
  </em>
</div>
`;
